evidence/20261007T222145Z-paste-prefix/Prefix.lean:49:0: warning: 
'Mathlib.Data.ENat.SuccOrder' has been deprecated: please replace this import by

import Mathlib.Order.SuccPred.ENat
evidence/20261007T222145Z-paste-prefix/Prefix.lean:50:0: warning: 
'Mathlib.Data.FunLike.Basic' has been deprecated: please replace this import by

import Mathlib.Basic.FunLike.Basic
evidence/20261007T222145Z-paste-prefix/Prefix.lean:51:0: warning: 
'Mathlib.Data.Opposite' has been deprecated: please replace this import by

import Mathlib.Basic.Opposite
evidence/20261007T222145Z-paste-prefix/Prefix.lean:52:0: warning: 
'Mathlib.Data.SetLike.Basic' has been deprecated: please replace this import by

import Mathlib.Basic.SetLike.Basic
LogTwo progress: reached module 25/885
LogTwo progress: reached module 50/885
LogTwo progress: reached module 75/885
LogTwo progress: reached module 100/885
LogTwo progress: reached module 125/885
LogTwo progress: reached module 150/885
LogTwo progress: reached module 175/885
LogTwo progress: reached module 200/885
LogTwo progress: reached module 225/885
LogTwo progress: reached module 250/885
LogTwo progress: reached module 275/885
LogTwo progress: reached module 300/885
'OAI.PiExponent.irrationalityExponent_eq_two_of_eventualLowerBound' depends on axioms: [propext,
 Classical.choice,
 Quot.sound]
'LogTwo.Geometry.coordinateKernel_height_le' depends on axioms: [propext, Classical.choice, Quot.sound]
'OAI.PiExponent.derivation_mem_polynomialTangent' depends on axioms: [propext, Classical.choice, Quot.sound]
'OAI.PiExponentSeshadri.ModuleGrothendieck.presheafAB5' depends on axioms: [propext, Classical.choice, Quot.sound]
'OAI.PiExponentSeshadri.ModuleGrothendieck.sheafGrothendieck' depends on axioms: [propext, Classical.choice, Quot.sound]
'OAI.PiExponentSeshadri.ModuleGrothendieck.enoughInjectives' depends on axioms: [propext, Classical.choice, Quot.sound]
'OAI.PiExponentSeshadri.Geometry.modulePresheafTensorRestrict' depends on axioms: [propext,
 Classical.choice,
 Quot.sound]
