evidence/20261007T155939Z-curves/Compatibility.lean:14035:72: error: unsolved goals
X : Scheme
L : LineBundle X
s : GlobalSections X L.sheaf
U : ↑X.affineOpens
e : L.sheaf.restrict (↑U).ι ≅ O ↑↑U
y : ↥(SectionZeroIdeal.zeroIdeal L s).subscheme
hy : (SectionZeroIdeal.zeroIdeal L s).subschemeι y ∈ ↑U
⊢ Ideal.span
      {(CommRingCat.Hom.hom (X.presheaf.germ (↑U) ((SectionZeroIdeal.zeroIdeal L s).subschemeι y) hy))
          ((ConcreteCategory.hom (↑U).topIso.hom) (coefficient e (restrictSection (↑U).ι s)))} =
    Ideal.span
      (Set.singleton
        ((ConcreteCategory.hom (X.presheaf.germ (↑U) ((SectionZeroIdeal.zeroIdeal L s).subschemeι y) hy))
          ((ConcreteCategory.hom (↑U).topIso.hom) (coefficient e (restrictSection (↑U).ι s)))))
evidence/20261007T155939Z-curves/Compatibility.lean:14631:8: error: Tactic `rewrite` failed: Did not find an occurrence of the pattern
  Ideal.span
    (Set.singleton
      (affineMapCoefficient U (tensorFrame J (J.pow n) (↑U) e (idealPowerFrame J (↑U) e n)) (idealPowerFrame J (↑U) e n)
        (tensorInclusion J (J.pow n) ι)))
in the target expression
  Ideal.span
        {affineMapCoefficient U (tensorFrame J (J.pow n) (↑U) e (idealPowerFrame J (↑U) e n))
            (idealPowerFrame J (↑U) e n) (tensorInclusion J (J.pow n) ι)} *
      Ideal.span {affineMapCoefficient U e (Scheme.Modules.restrictUnitIso (↑U).ι) ι} ^ n =
    Ideal.span {affineMapCoefficient U e (Scheme.Modules.restrictUnitIso (↑U).ι) ι} ^ (n + 1)

case succ
X : Scheme
J : LineBundle X
ι : J.sheaf ⟶ O X
U : ↑X.affineOpens
e : J.sheaf.restrict (↑U).ι ≅ O ↑↑U
n : ℕ
ih :
  Ideal.span
      (Set.singleton
        (affineMapCoefficient U (idealPowerFrame J (↑U) e n) (Scheme.Modules.restrictUnitIso (↑U).ι)
          (idealPowerInclusion J ι n))) =
    Ideal.span {affineMapCoefficient U e (Scheme.Modules.restrictUnitIso (↑U).ι) ι} ^ n
⊢ Ideal.span
        {affineMapCoefficient U (tensorFrame J (J.pow n) (↑U) e (idealPowerFrame J (↑U) e n))
            (idealPowerFrame J (↑U) e n) (tensorInclusion J (J.pow n) ι)} *
      Ideal.span {affineMapCoefficient U e (Scheme.Modules.restrictUnitIso (↑U).ι) ι} ^ n =
    Ideal.span {affineMapCoefficient U e (Scheme.Modules.restrictUnitIso (↑U).ι) ι} ^ (n + 1)

Note: The target expression is not type-correct under the `implicit` transparency level, which may have triggered the failure. This is usually caused by unfolding of semireducible definitions in prior tactic steps. Use `set_option linter.tacticCheckInstances true` to investigate the source of the issue.
Full error:
  Application type mismatch: The argument
    X.ringCatSheaf
  has type
    TopCat.Sheaf RingCat ↑X.toPresheafedSpace
  but is expected to have type
    Sheaf (Opens.grothendieckTopology ↥X) RingCat
  in the application
    SheafOfModules.unit X.ringCatSheaf
'OAI.PiExponent.CurveDegree.section_tensor_euler_add' depends on axioms: [propext, Classical.choice, Quot.sound]
'OAI.PiExponent.SectionZeroStalk.zero_stalk_kernel' depends on axioms: [propext, sorryAx, Classical.choice, Quot.sound]
